// Jest Snapshot v1, https://goo.gl/fbAQLP

exports[`Async wrapped util catches and returns error objects 1`] = `[Error: [ Async Wrapped Error ] Test error for asyncWrapped]`;
